------------------------------------------------------------
TimeQuest Timing Analyzer Summary
------------------------------------------------------------

Type  : Slow 1200mV 85C Model Setup 'CLOCK_50'
Slack : -8.007
TNS   : -1861.955

Type  : Slow 1200mV 85C Model Setup 'divisorCompleto:freqDivider|divisorN:c8|clkOut'
Slack : -2.066
TNS   : -370.705

Type  : Slow 1200mV 85C Model Setup 'divisorCompleto:freqDivider|divisorN:c2|clkOut'
Slack : -1.349
TNS   : -1.349

Type  : Slow 1200mV 85C Model Setup 'divisorCompleto:freqDivider|divisorN:c1|clkOut'
Slack : -0.737
TNS   : -11.105

Type  : Slow 1200mV 85C Model Setup 'divisorCompleto:freqDivider|divisorN:c4|clkOut'
Slack : -0.697
TNS   : -0.697

Type  : Slow 1200mV 85C Model Hold 'CLOCK_50'
Slack : 0.383
TNS   : 0.000

Type  : Slow 1200mV 85C Model Hold 'divisorCompleto:freqDivider|divisorN:c1|clkOut'
Slack : 0.401
TNS   : 0.000

Type  : Slow 1200mV 85C Model Hold 'divisorCompleto:freqDivider|divisorN:c8|clkOut'
Slack : 0.409
TNS   : 0.000

Type  : Slow 1200mV 85C Model Hold 'divisorCompleto:freqDivider|divisorN:c2|clkOut'
Slack : 0.445
TNS   : 0.000

Type  : Slow 1200mV 85C Model Hold 'divisorCompleto:freqDivider|divisorN:c4|clkOut'
Slack : 0.445
TNS   : 0.000

Type  : Slow 1200mV 85C Model Recovery 'divisorCompleto:freqDivider|divisorN:c1|clkOut'
Slack : 0.024
TNS   : 0.000

Type  : Slow 1200mV 85C Model Removal 'divisorCompleto:freqDivider|divisorN:c1|clkOut'
Slack : 0.330
TNS   : 0.000

Type  : Slow 1200mV 85C Model Minimum Pulse Width 'CLOCK_50'
Slack : -3.000
TNS   : -739.305

Type  : Slow 1200mV 85C Model Minimum Pulse Width 'divisorCompleto:freqDivider|divisorN:c8|clkOut'
Slack : -1.285
TNS   : -600.095

Type  : Slow 1200mV 85C Model Minimum Pulse Width 'divisorCompleto:freqDivider|divisorN:c1|clkOut'
Slack : -1.285
TNS   : -60.395

Type  : Slow 1200mV 85C Model Minimum Pulse Width 'divisorCompleto:freqDivider|divisorN:c2|clkOut'
Slack : -1.285
TNS   : -1.285

Type  : Slow 1200mV 85C Model Minimum Pulse Width 'divisorCompleto:freqDivider|divisorN:c4|clkOut'
Slack : -1.285
TNS   : -1.285

Type  : Slow 1200mV 0C Model Setup 'CLOCK_50'
Slack : -7.105
TNS   : -1650.443

Type  : Slow 1200mV 0C Model Setup 'divisorCompleto:freqDivider|divisorN:c8|clkOut'
Slack : -1.728
TNS   : -291.389

Type  : Slow 1200mV 0C Model Setup 'divisorCompleto:freqDivider|divisorN:c2|clkOut'
Slack : -1.094
TNS   : -1.094

Type  : Slow 1200mV 0C Model Setup 'divisorCompleto:freqDivider|divisorN:c1|clkOut'
Slack : -0.559
TNS   : -5.833

Type  : Slow 1200mV 0C Model Setup 'divisorCompleto:freqDivider|divisorN:c4|clkOut'
Slack : -0.480
TNS   : -0.480

Type  : Slow 1200mV 0C Model Hold 'CLOCK_50'
Slack : 0.337
TNS   : 0.000

Type  : Slow 1200mV 0C Model Hold 'divisorCompleto:freqDivider|divisorN:c1|clkOut'
Slack : 0.354
TNS   : 0.000

Type  : Slow 1200mV 0C Model Hold 'divisorCompleto:freqDivider|divisorN:c8|clkOut'
Slack : 0.365
TNS   : 0.000

Type  : Slow 1200mV 0C Model Hold 'divisorCompleto:freqDivider|divisorN:c2|clkOut'
Slack : 0.398
TNS   : 0.000

Type  : Slow 1200mV 0C Model Hold 'divisorCompleto:freqDivider|divisorN:c4|clkOut'
Slack : 0.398
TNS   : 0.000

Type  : Slow 1200mV 0C Model Recovery 'divisorCompleto:freqDivider|divisorN:c1|clkOut'
Slack : 0.115
TNS   : 0.000

Type  : Slow 1200mV 0C Model Removal 'divisorCompleto:freqDivider|divisorN:c1|clkOut'
Slack : 0.299
TNS   : 0.000

Type  : Slow 1200mV 0C Model Minimum Pulse Width 'CLOCK_50'
Slack : -3.000
TNS   : -739.305

Type  : Slow 1200mV 0C Model Minimum Pulse Width 'divisorCompleto:freqDivider|divisorN:c8|clkOut'
Slack : -1.285
TNS   : -600.095

Type  : Slow 1200mV 0C Model Minimum Pulse Width 'divisorCompleto:freqDivider|divisorN:c1|clkOut'
Slack : -1.285
TNS   : -60.395

Type  : Slow 1200mV 0C Model Minimum Pulse Width 'divisorCompleto:freqDivider|divisorN:c2|clkOut'
Slack : -1.285
TNS   : -1.285

Type  : Slow 1200mV 0C Model Minimum Pulse Width 'divisorCompleto:freqDivider|divisorN:c4|clkOut'
Slack : -1.285
TNS   : -1.285

Type  : Fast 1200mV 0C Model Setup 'CLOCK_50'
Slack : -3.307
TNS   : -631.633

Type  : Fast 1200mV 0C Model Setup 'divisorCompleto:freqDivider|divisorN:c8|clkOut'
Slack : -0.517
TNS   : -9.055

Type  : Fast 1200mV 0C Model Setup 'divisorCompleto:freqDivider|divisorN:c2|clkOut'
Slack : -0.325
TNS   : -0.325

Type  : Fast 1200mV 0C Model Setup 'divisorCompleto:freqDivider|divisorN:c4|clkOut'
Slack : 0.030
TNS   : 0.000

Type  : Fast 1200mV 0C Model Setup 'divisorCompleto:freqDivider|divisorN:c1|clkOut'
Slack : 0.149
TNS   : 0.000

Type  : Fast 1200mV 0C Model Hold 'divisorCompleto:freqDivider|divisorN:c1|clkOut'
Slack : 0.157
TNS   : 0.000

Type  : Fast 1200mV 0C Model Hold 'CLOCK_50'
Slack : 0.173
TNS   : 0.000

Type  : Fast 1200mV 0C Model Hold 'divisorCompleto:freqDivider|divisorN:c8|clkOut'
Slack : 0.189
TNS   : 0.000

Type  : Fast 1200mV 0C Model Hold 'divisorCompleto:freqDivider|divisorN:c2|clkOut'
Slack : 0.208
TNS   : 0.000

Type  : Fast 1200mV 0C Model Hold 'divisorCompleto:freqDivider|divisorN:c4|clkOut'
Slack : 0.208
TNS   : 0.000

Type  : Fast 1200mV 0C Model Recovery 'divisorCompleto:freqDivider|divisorN:c1|clkOut'
Slack : 0.481
TNS   : 0.000

Type  : Fast 1200mV 0C Model Removal 'divisorCompleto:freqDivider|divisorN:c1|clkOut'
Slack : 0.161
TNS   : 0.000

Type  : Fast 1200mV 0C Model Minimum Pulse Width 'CLOCK_50'
Slack : -3.000
TNS   : -612.896

Type  : Fast 1200mV 0C Model Minimum Pulse Width 'divisorCompleto:freqDivider|divisorN:c8|clkOut'
Slack : -1.000
TNS   : -467.000

Type  : Fast 1200mV 0C Model Minimum Pulse Width 'divisorCompleto:freqDivider|divisorN:c1|clkOut'
Slack : -1.000
TNS   : -47.000

Type  : Fast 1200mV 0C Model Minimum Pulse Width 'divisorCompleto:freqDivider|divisorN:c2|clkOut'
Slack : -1.000
TNS   : -1.000

Type  : Fast 1200mV 0C Model Minimum Pulse Width 'divisorCompleto:freqDivider|divisorN:c4|clkOut'
Slack : -1.000
TNS   : -1.000

------------------------------------------------------------
