------------------------------------------------------------
TimeQuest Timing Analyzer Summary
------------------------------------------------------------

Type  : Slow 1200mV 85C Model Setup 'CLOCK_50'
Slack : -4.997
TNS   : -1034.541

Type  : Slow 1200mV 85C Model Setup 'divisorCompleto:freqDivider|divisorN:c8|clkOut'
Slack : -2.018
TNS   : -370.106

Type  : Slow 1200mV 85C Model Setup 'divisorCompleto:freqDivider|divisorN:c4|clkOut'
Slack : -1.558
TNS   : -1.558

Type  : Slow 1200mV 85C Model Setup 'divisorCompleto:freqDivider|divisorN:c2|clkOut'
Slack : -1.254
TNS   : -1.254

Type  : Slow 1200mV 85C Model Setup 'divisorCompleto:freqDivider|divisorN:c1|clkOut'
Slack : -0.885
TNS   : -12.062

Type  : Slow 1200mV 85C Model Hold 'CLOCK_50'
Slack : 0.386
TNS   : 0.000

Type  : Slow 1200mV 85C Model Hold 'divisorCompleto:freqDivider|divisorN:c1|clkOut'
Slack : 0.403
TNS   : 0.000

Type  : Slow 1200mV 85C Model Hold 'divisorCompleto:freqDivider|divisorN:c8|clkOut'
Slack : 0.408
TNS   : 0.000

Type  : Slow 1200mV 85C Model Hold 'divisorCompleto:freqDivider|divisorN:c2|clkOut'
Slack : 0.445
TNS   : 0.000

Type  : Slow 1200mV 85C Model Hold 'divisorCompleto:freqDivider|divisorN:c4|clkOut'
Slack : 0.445
TNS   : 0.000

Type  : Slow 1200mV 85C Model Recovery 'divisorCompleto:freqDivider|divisorN:c1|clkOut'
Slack : -0.086
TNS   : -0.344

Type  : Slow 1200mV 85C Model Removal 'divisorCompleto:freqDivider|divisorN:c1|clkOut'
Slack : 0.461
TNS   : 0.000

Type  : Slow 1200mV 85C Model Minimum Pulse Width 'CLOCK_50'
Slack : -3.000
TNS   : -534.990

Type  : Slow 1200mV 85C Model Minimum Pulse Width 'divisorCompleto:freqDivider|divisorN:c8|clkOut'
Slack : -1.285
TNS   : -600.095

Type  : Slow 1200mV 85C Model Minimum Pulse Width 'divisorCompleto:freqDivider|divisorN:c1|clkOut'
Slack : -1.285
TNS   : -60.395

Type  : Slow 1200mV 85C Model Minimum Pulse Width 'divisorCompleto:freqDivider|divisorN:c2|clkOut'
Slack : -1.285
TNS   : -1.285

Type  : Slow 1200mV 85C Model Minimum Pulse Width 'divisorCompleto:freqDivider|divisorN:c4|clkOut'
Slack : -1.285
TNS   : -1.285

Type  : Slow 1200mV 0C Model Setup 'CLOCK_50'
Slack : -4.542
TNS   : -911.276

Type  : Slow 1200mV 0C Model Setup 'divisorCompleto:freqDivider|divisorN:c8|clkOut'
Slack : -1.688
TNS   : -290.394

Type  : Slow 1200mV 0C Model Setup 'divisorCompleto:freqDivider|divisorN:c4|clkOut'
Slack : -1.273
TNS   : -1.273

Type  : Slow 1200mV 0C Model Setup 'divisorCompleto:freqDivider|divisorN:c2|clkOut'
Slack : -0.993
TNS   : -0.993

Type  : Slow 1200mV 0C Model Setup 'divisorCompleto:freqDivider|divisorN:c1|clkOut'
Slack : -0.716
TNS   : -6.617

Type  : Slow 1200mV 0C Model Hold 'CLOCK_50'
Slack : 0.339
TNS   : 0.000

Type  : Slow 1200mV 0C Model Hold 'divisorCompleto:freqDivider|divisorN:c1|clkOut'
Slack : 0.353
TNS   : 0.000

Type  : Slow 1200mV 0C Model Hold 'divisorCompleto:freqDivider|divisorN:c8|clkOut'
Slack : 0.364
TNS   : 0.000

Type  : Slow 1200mV 0C Model Hold 'divisorCompleto:freqDivider|divisorN:c2|clkOut'
Slack : 0.398
TNS   : 0.000

Type  : Slow 1200mV 0C Model Hold 'divisorCompleto:freqDivider|divisorN:c4|clkOut'
Slack : 0.398
TNS   : 0.000

Type  : Slow 1200mV 0C Model Recovery 'divisorCompleto:freqDivider|divisorN:c1|clkOut'
Slack : 0.032
TNS   : 0.000

Type  : Slow 1200mV 0C Model Removal 'divisorCompleto:freqDivider|divisorN:c1|clkOut'
Slack : 0.423
TNS   : 0.000

Type  : Slow 1200mV 0C Model Minimum Pulse Width 'CLOCK_50'
Slack : -3.000
TNS   : -534.990

Type  : Slow 1200mV 0C Model Minimum Pulse Width 'divisorCompleto:freqDivider|divisorN:c8|clkOut'
Slack : -1.285
TNS   : -600.095

Type  : Slow 1200mV 0C Model Minimum Pulse Width 'divisorCompleto:freqDivider|divisorN:c1|clkOut'
Slack : -1.285
TNS   : -60.395

Type  : Slow 1200mV 0C Model Minimum Pulse Width 'divisorCompleto:freqDivider|divisorN:c2|clkOut'
Slack : -1.285
TNS   : -1.285

Type  : Slow 1200mV 0C Model Minimum Pulse Width 'divisorCompleto:freqDivider|divisorN:c4|clkOut'
Slack : -1.285
TNS   : -1.285

Type  : Fast 1200mV 0C Model Setup 'CLOCK_50'
Slack : -1.939
TNS   : -301.914

Type  : Fast 1200mV 0C Model Setup 'divisorCompleto:freqDivider|divisorN:c8|clkOut'
Slack : -0.490
TNS   : -12.634

Type  : Fast 1200mV 0C Model Setup 'divisorCompleto:freqDivider|divisorN:c4|clkOut'
Slack : -0.428
TNS   : -0.428

Type  : Fast 1200mV 0C Model Setup 'divisorCompleto:freqDivider|divisorN:c2|clkOut'
Slack : -0.270
TNS   : -0.270

Type  : Fast 1200mV 0C Model Setup 'divisorCompleto:freqDivider|divisorN:c1|clkOut'
Slack : 0.084
TNS   : 0.000

Type  : Fast 1200mV 0C Model Hold 'CLOCK_50'
Slack : 0.141
TNS   : 0.000

Type  : Fast 1200mV 0C Model Hold 'divisorCompleto:freqDivider|divisorN:c1|clkOut'
Slack : 0.181
TNS   : 0.000

Type  : Fast 1200mV 0C Model Hold 'divisorCompleto:freqDivider|divisorN:c8|clkOut'
Slack : 0.189
TNS   : 0.000

Type  : Fast 1200mV 0C Model Hold 'divisorCompleto:freqDivider|divisorN:c2|clkOut'
Slack : 0.208
TNS   : 0.000

Type  : Fast 1200mV 0C Model Hold 'divisorCompleto:freqDivider|divisorN:c4|clkOut'
Slack : 0.208
TNS   : 0.000

Type  : Fast 1200mV 0C Model Recovery 'divisorCompleto:freqDivider|divisorN:c1|clkOut'
Slack : 0.379
TNS   : 0.000

Type  : Fast 1200mV 0C Model Removal 'divisorCompleto:freqDivider|divisorN:c1|clkOut'
Slack : 0.235
TNS   : 0.000

Type  : Fast 1200mV 0C Model Minimum Pulse Width 'CLOCK_50'
Slack : -3.000
TNS   : -442.947

Type  : Fast 1200mV 0C Model Minimum Pulse Width 'divisorCompleto:freqDivider|divisorN:c8|clkOut'
Slack : -1.000
TNS   : -467.000

Type  : Fast 1200mV 0C Model Minimum Pulse Width 'divisorCompleto:freqDivider|divisorN:c1|clkOut'
Slack : -1.000
TNS   : -47.000

Type  : Fast 1200mV 0C Model Minimum Pulse Width 'divisorCompleto:freqDivider|divisorN:c2|clkOut'
Slack : -1.000
TNS   : -1.000

Type  : Fast 1200mV 0C Model Minimum Pulse Width 'divisorCompleto:freqDivider|divisorN:c4|clkOut'
Slack : -1.000
TNS   : -1.000

------------------------------------------------------------
